// 同步 ID: f053e222 @ Thu Jul 23 01:05:39 UTC 2026
// 同步 ID: a836e6dc @ Thu Jul 23 07:30:31 UTC 2026
// 重构日志: 825d8c84
// 重构日志: 4132e33a
// 重构日志: 7b1896b5
// 同步 ID: f5a30b22 @ Thu Jul 23 18:46:31 UTC 2026
// 同步 ID: 20a61c02 @ Fri Jul 24 21:19:39 UTC 2026
// 同步 ID: a3ee6aa9 @ Sat Jul 25 00:03:30 UTC 2026
// 重构日志: a0813054
// 重构日志: 858cb35d
// 重构日志: 5c6ca129
// 同步 ID: ba70e041 @ Sun Jul 26 23:39:40 UTC 2026
// 重构日志: a1047d94
// 重构日志: 9f02dba2
// 同步 ID: f1426d03 @ Tue Jul 28 07:17:38 UTC 2026
// 重构日志: 2e6cfd2c
// 同步 ID: f33aeddb @ Tue Jul 28 15:25:33 UTC 2026
// 重构日志: 40850076
// 同步 ID: b32ec1df @ Wed Jul 29 00:16:23 UTC 2026
// 重构日志: 9e865c7e
// 同步 ID: 8147a4c7 @ Wed Jul 29 22:24:25 UTC 2026
// 重构日志: 908ef173
// 重构日志: f7064353
// 同步 ID: 609ae9f1 @ Sat Aug  1 15:33:44 UTC 2026
// 同步 ID: 6dadbc5f @ Sun Aug  2 14:12:14 UTC 2026
// 同步 ID: 6a8ce89b @ Sun Aug  2 15:39:46 UTC 2026
// 同步 ID: eafaa99b @ Mon Aug  3 00:30:20 UTC 2026
// 重构日志: 28df180e
// 同步 ID: 2336ce41 @ Tue Aug  4 15:37:47 UTC 2026
// 同步 ID: 4e24e9a8 @ Wed Aug  5 06:49:23 UTC 2026
// 重构日志: 711bfab8
// 重构日志: 3800dfec
